[0.114s] DEBUG:colcon:Command line arguments: ['/usr/bin/colcon', 'build', '--packages-select', 'shutter_music_analyzer']
[0.114s] DEBUG:colcon:Parsed command line arguments: Namespace(log_base=None, log_level=None, verb_name='build', build_base='build', install_base='install', merge_install=False, symlink_install=False, test_result_base=None, continue_on_error=False, executor='parallel', parallel_workers=12, event_handlers=None, ignore_user_meta=False, metas=['./colcon.meta'], base_paths=['.'], packages_ignore=None, packages_ignore_regex=None, paths=None, packages_up_to=None, packages_up_to_regex=None, packages_above=None, packages_above_and_dependencies=None, packages_above_depth=None, packages_select_by_dep=None, packages_skip_by_dep=None, packages_skip_up_to=None, packages_select_build_failed=False, packages_skip_build_finished=False, packages_select_test_failures=False, packages_skip_test_passed=False, packages_select=['shutter_music_analyzer'], packages_skip=None, packages_select_regex=None, packages_skip_regex=None, packages_start=None, packages_end=None, allow_overriding=[], cmake_args=None, cmake_target=None, cmake_target_skip_unavailable=False, cmake_clean_cache=False, cmake_clean_first=False, cmake_force_configure=False, ament_cmake_args=None, catkin_cmake_args=None, catkin_skip_building_tests=False, mixin_files=None, mixin=None, verb_parser=<colcon_mixin.mixin.mixin_argument.MixinArgumentDecorator object at 0x7a9d65a45130>, verb_extension=<colcon_core.verb.build.BuildVerb object at 0x7a9d65a44e30>, main=<bound method BuildVerb.main of <colcon_core.verb.build.BuildVerb object at 0x7a9d65a44e30>>, mixin_verb=('build',))
[0.146s] Level 1:colcon.colcon_core.package_discovery:discover_packages(colcon_meta) check parameters
[0.146s] Level 1:colcon.colcon_core.package_discovery:discover_packages(recursive) check parameters
[0.146s] Level 1:colcon.colcon_core.package_discovery:discover_packages(ignore) check parameters
[0.146s] Level 1:colcon.colcon_core.package_discovery:discover_packages(path) check parameters
[0.146s] Level 1:colcon.colcon_core.package_discovery:discover_packages(colcon_meta) discover
[0.146s] Level 1:colcon.colcon_core.package_discovery:discover_packages(recursive) discover
[0.146s] INFO:colcon.colcon_core.package_discovery:Crawling recursively for packages in '/home/hrs47/ros2_ws'
[0.147s] Level 1:colcon.colcon_core.package_identification:_identify(.) by extensions ['ignore', 'ignore_ament_install']
[0.147s] Level 1:colcon.colcon_core.package_identification:_identify(.) by extension 'ignore'
[0.147s] Level 1:colcon.colcon_core.package_identification:_identify(.) by extension 'ignore_ament_install'
[0.147s] Level 1:colcon.colcon_core.package_identification:_identify(.) by extensions ['colcon_pkg']
[0.147s] Level 1:colcon.colcon_core.package_identification:_identify(.) by extension 'colcon_pkg'
[0.147s] Level 1:colcon.colcon_core.package_identification:_identify(.) by extensions ['colcon_meta']
[0.147s] Level 1:colcon.colcon_core.package_identification:_identify(.) by extension 'colcon_meta'
[0.147s] Level 1:colcon.colcon_core.package_identification:_identify(.) by extensions ['ros']
[0.147s] Level 1:colcon.colcon_core.package_identification:_identify(.) by extension 'ros'
[0.167s] Level 1:colcon.colcon_core.package_identification:_identify(.) by extensions ['cmake', 'python']
[0.167s] Level 1:colcon.colcon_core.package_identification:_identify(.) by extension 'cmake'
[0.167s] Level 1:colcon.colcon_core.package_identification:_identify(.) by extension 'python'
[0.167s] Level 1:colcon.colcon_core.package_identification:_identify(.) by extensions ['python_setup_py']
[0.167s] Level 1:colcon.colcon_core.package_identification:_identify(.) by extension 'python_setup_py'
[0.167s] Level 1:colcon.colcon_core.package_identification:_identify(build) by extensions ['ignore', 'ignore_ament_install']
[0.167s] Level 1:colcon.colcon_core.package_identification:_identify(build) by extension 'ignore'
[0.167s] Level 1:colcon.colcon_core.package_identification:_identify(build) ignored
[0.168s] Level 1:colcon.colcon_core.package_identification:_identify(install) by extensions ['ignore', 'ignore_ament_install']
[0.168s] Level 1:colcon.colcon_core.package_identification:_identify(install) by extension 'ignore'
[0.168s] Level 1:colcon.colcon_core.package_identification:_identify(install) ignored
[0.168s] Level 1:colcon.colcon_core.package_identification:_identify(log) by extensions ['ignore', 'ignore_ament_install']
[0.168s] Level 1:colcon.colcon_core.package_identification:_identify(log) by extension 'ignore'
[0.168s] Level 1:colcon.colcon_core.package_identification:_identify(log) ignored
[0.168s] Level 1:colcon.colcon_core.package_identification:_identify(src) by extensions ['ignore', 'ignore_ament_install']
[0.168s] Level 1:colcon.colcon_core.package_identification:_identify(src) by extension 'ignore'
[0.168s] Level 1:colcon.colcon_core.package_identification:_identify(src) by extension 'ignore_ament_install'
[0.168s] Level 1:colcon.colcon_core.package_identification:_identify(src) by extensions ['colcon_pkg']
[0.168s] Level 1:colcon.colcon_core.package_identification:_identify(src) by extension 'colcon_pkg'
[0.168s] Level 1:colcon.colcon_core.package_identification:_identify(src) by extensions ['colcon_meta']
[0.168s] Level 1:colcon.colcon_core.package_identification:_identify(src) by extension 'colcon_meta'
[0.168s] Level 1:colcon.colcon_core.package_identification:_identify(src) by extensions ['ros']
[0.168s] Level 1:colcon.colcon_core.package_identification:_identify(src) by extension 'ros'
[0.168s] Level 1:colcon.colcon_core.package_identification:_identify(src) by extensions ['cmake', 'python']
[0.168s] Level 1:colcon.colcon_core.package_identification:_identify(src) by extension 'cmake'
[0.168s] Level 1:colcon.colcon_core.package_identification:_identify(src) by extension 'python'
[0.168s] Level 1:colcon.colcon_core.package_identification:_identify(src) by extensions ['python_setup_py']
[0.168s] Level 1:colcon.colcon_core.package_identification:_identify(src) by extension 'python_setup_py'
[0.169s] Level 1:colcon.colcon_core.package_identification:_identify(src/shutter-ros2) by extensions ['ignore', 'ignore_ament_install']
[0.169s] Level 1:colcon.colcon_core.package_identification:_identify(src/shutter-ros2) by extension 'ignore'
[0.169s] Level 1:colcon.colcon_core.package_identification:_identify(src/shutter-ros2) by extension 'ignore_ament_install'
[0.169s] Level 1:colcon.colcon_core.package_identification:_identify(src/shutter-ros2) by extensions ['colcon_pkg']
[0.169s] Level 1:colcon.colcon_core.package_identification:_identify(src/shutter-ros2) by extension 'colcon_pkg'
[0.169s] Level 1:colcon.colcon_core.package_identification:_identify(src/shutter-ros2) by extensions ['colcon_meta']
[0.169s] Level 1:colcon.colcon_core.package_identification:_identify(src/shutter-ros2) by extension 'colcon_meta'
[0.169s] Level 1:colcon.colcon_core.package_identification:_identify(src/shutter-ros2) by extensions ['ros']
[0.169s] Level 1:colcon.colcon_core.package_identification:_identify(src/shutter-ros2) by extension 'ros'
[0.169s] Level 1:colcon.colcon_core.package_identification:_identify(src/shutter-ros2) by extensions ['cmake', 'python']
[0.169s] Level 1:colcon.colcon_core.package_identification:_identify(src/shutter-ros2) by extension 'cmake'
[0.169s] Level 1:colcon.colcon_core.package_identification:_identify(src/shutter-ros2) by extension 'python'
[0.169s] Level 1:colcon.colcon_core.package_identification:_identify(src/shutter-ros2) by extensions ['python_setup_py']
[0.169s] Level 1:colcon.colcon_core.package_identification:_identify(src/shutter-ros2) by extension 'python_setup_py'
[0.169s] Level 1:colcon.colcon_core.package_identification:_identify(src/shutter-ros2/build) by extensions ['ignore', 'ignore_ament_install']
[0.169s] Level 1:colcon.colcon_core.package_identification:_identify(src/shutter-ros2/build) by extension 'ignore'
[0.169s] Level 1:colcon.colcon_core.package_identification:_identify(src/shutter-ros2/build) ignored
[0.169s] Level 1:colcon.colcon_core.package_identification:_identify(src/shutter-ros2/documentation) by extensions ['ignore', 'ignore_ament_install']
[0.169s] Level 1:colcon.colcon_core.package_identification:_identify(src/shutter-ros2/documentation) by extension 'ignore'
[0.169s] Level 1:colcon.colcon_core.package_identification:_identify(src/shutter-ros2/documentation) by extension 'ignore_ament_install'
[0.169s] Level 1:colcon.colcon_core.package_identification:_identify(src/shutter-ros2/documentation) by extensions ['colcon_pkg']
[0.169s] Level 1:colcon.colcon_core.package_identification:_identify(src/shutter-ros2/documentation) by extension 'colcon_pkg'
[0.169s] Level 1:colcon.colcon_core.package_identification:_identify(src/shutter-ros2/documentation) by extensions ['colcon_meta']
[0.170s] Level 1:colcon.colcon_core.package_identification:_identify(src/shutter-ros2/documentation) by extension 'colcon_meta'
[0.170s] Level 1:colcon.colcon_core.package_identification:_identify(src/shutter-ros2/documentation) by extensions ['ros']
[0.170s] Level 1:colcon.colcon_core.package_identification:_identify(src/shutter-ros2/documentation) by extension 'ros'
[0.170s] Level 1:colcon.colcon_core.package_identification:_identify(src/shutter-ros2/documentation) by extensions ['cmake', 'python']
[0.170s] Level 1:colcon.colcon_core.package_identification:_identify(src/shutter-ros2/documentation) by extension 'cmake'
[0.170s] Level 1:colcon.colcon_core.package_identification:_identify(src/shutter-ros2/documentation) by extension 'python'
[0.170s] Level 1:colcon.colcon_core.package_identification:_identify(src/shutter-ros2/documentation) by extensions ['python_setup_py']
[0.170s] Level 1:colcon.colcon_core.package_identification:_identify(src/shutter-ros2/documentation) by extension 'python_setup_py'
[0.170s] Level 1:colcon.colcon_core.package_identification:_identify(src/shutter-ros2/documentation/source) by extensions ['ignore', 'ignore_ament_install']
[0.170s] Level 1:colcon.colcon_core.package_identification:_identify(src/shutter-ros2/documentation/source) by extension 'ignore'
[0.170s] Level 1:colcon.colcon_core.package_identification:_identify(src/shutter-ros2/documentation/source) by extension 'ignore_ament_install'
[0.170s] Level 1:colcon.colcon_core.package_identification:_identify(src/shutter-ros2/documentation/source) by extensions ['colcon_pkg']
[0.170s] Level 1:colcon.colcon_core.package_identification:_identify(src/shutter-ros2/documentation/source) by extension 'colcon_pkg'
[0.170s] Level 1:colcon.colcon_core.package_identification:_identify(src/shutter-ros2/documentation/source) by extensions ['colcon_meta']
[0.170s] Level 1:colcon.colcon_core.package_identification:_identify(src/shutter-ros2/documentation/source) by extension 'colcon_meta'
[0.170s] Level 1:colcon.colcon_core.package_identification:_identify(src/shutter-ros2/documentation/source) by extensions ['ros']
[0.170s] Level 1:colcon.colcon_core.package_identification:_identify(src/shutter-ros2/documentation/source) by extension 'ros'
[0.170s] Level 1:colcon.colcon_core.package_identification:_identify(src/shutter-ros2/documentation/source) by extensions ['cmake', 'python']
[0.170s] Level 1:colcon.colcon_core.package_identification:_identify(src/shutter-ros2/documentation/source) by extension 'cmake'
[0.170s] Level 1:colcon.colcon_core.package_identification:_identify(src/shutter-ros2/documentation/source) by extension 'python'
[0.170s] Level 1:colcon.colcon_core.package_identification:_identify(src/shutter-ros2/documentation/source) by extensions ['python_setup_py']
[0.170s] Level 1:colcon.colcon_core.package_identification:_identify(src/shutter-ros2/documentation/source) by extension 'python_setup_py'
[0.170s] Level 1:colcon.colcon_core.package_identification:_identify(src/shutter-ros2/documentation/source/images) by extensions ['ignore', 'ignore_ament_install']
[0.171s] Level 1:colcon.colcon_core.package_identification:_identify(src/shutter-ros2/documentation/source/images) by extension 'ignore'
[0.171s] Level 1:colcon.colcon_core.package_identification:_identify(src/shutter-ros2/documentation/source/images) by extension 'ignore_ament_install'
[0.171s] Level 1:colcon.colcon_core.package_identification:_identify(src/shutter-ros2/documentation/source/images) by extensions ['colcon_pkg']
[0.171s] Level 1:colcon.colcon_core.package_identification:_identify(src/shutter-ros2/documentation/source/images) by extension 'colcon_pkg'
[0.171s] Level 1:colcon.colcon_core.package_identification:_identify(src/shutter-ros2/documentation/source/images) by extensions ['colcon_meta']
[0.171s] Level 1:colcon.colcon_core.package_identification:_identify(src/shutter-ros2/documentation/source/images) by extension 'colcon_meta'
[0.171s] Level 1:colcon.colcon_core.package_identification:_identify(src/shutter-ros2/documentation/source/images) by extensions ['ros']
[0.171s] Level 1:colcon.colcon_core.package_identification:_identify(src/shutter-ros2/documentation/source/images) by extension 'ros'
[0.171s] Level 1:colcon.colcon_core.package_identification:_identify(src/shutter-ros2/documentation/source/images) by extensions ['cmake', 'python']
[0.171s] Level 1:colcon.colcon_core.package_identification:_identify(src/shutter-ros2/documentation/source/images) by extension 'cmake'
[0.171s] Level 1:colcon.colcon_core.package_identification:_identify(src/shutter-ros2/documentation/source/images) by extension 'python'
[0.171s] Level 1:colcon.colcon_core.package_identification:_identify(src/shutter-ros2/documentation/source/images) by extensions ['python_setup_py']
[0.171s] Level 1:colcon.colcon_core.package_identification:_identify(src/shutter-ros2/documentation/source/images) by extension 'python_setup_py'
[0.171s] Level 1:colcon.colcon_core.package_identification:_identify(src/shutter-ros2/documentation/source/packages) by extensions ['ignore', 'ignore_ament_install']
[0.171s] Level 1:colcon.colcon_core.package_identification:_identify(src/shutter-ros2/documentation/source/packages) by extension 'ignore'
[0.171s] Level 1:colcon.colcon_core.package_identification:_identify(src/shutter-ros2/documentation/source/packages) by extension 'ignore_ament_install'
[0.171s] Level 1:colcon.colcon_core.package_identification:_identify(src/shutter-ros2/documentation/source/packages) by extensions ['colcon_pkg']
[0.171s] Level 1:colcon.colcon_core.package_identification:_identify(src/shutter-ros2/documentation/source/packages) by extension 'colcon_pkg'
[0.171s] Level 1:colcon.colcon_core.package_identification:_identify(src/shutter-ros2/documentation/source/packages) by extensions ['colcon_meta']
[0.171s] Level 1:colcon.colcon_core.package_identification:_identify(src/shutter-ros2/documentation/source/packages) by extension 'colcon_meta'
[0.171s] Level 1:colcon.colcon_core.package_identification:_identify(src/shutter-ros2/documentation/source/packages) by extensions ['ros']
[0.171s] Level 1:colcon.colcon_core.package_identification:_identify(src/shutter-ros2/documentation/source/packages) by extension 'ros'
[0.171s] Level 1:colcon.colcon_core.package_identification:_identify(src/shutter-ros2/documentation/source/packages) by extensions ['cmake', 'python']
[0.171s] Level 1:colcon.colcon_core.package_identification:_identify(src/shutter-ros2/documentation/source/packages) by extension 'cmake'
[0.172s] Level 1:colcon.colcon_core.package_identification:_identify(src/shutter-ros2/documentation/source/packages) by extension 'python'
[0.172s] Level 1:colcon.colcon_core.package_identification:_identify(src/shutter-ros2/documentation/source/packages) by extensions ['python_setup_py']
[0.172s] Level 1:colcon.colcon_core.package_identification:_identify(src/shutter-ros2/documentation/source/packages) by extension 'python_setup_py'
[0.172s] Level 1:colcon.colcon_core.package_identification:_identify(src/shutter-ros2/install) by extensions ['ignore', 'ignore_ament_install']
[0.172s] Level 1:colcon.colcon_core.package_identification:_identify(src/shutter-ros2/install) by extension 'ignore'
[0.172s] Level 1:colcon.colcon_core.package_identification:_identify(src/shutter-ros2/install) ignored
[0.172s] Level 1:colcon.colcon_core.package_identification:_identify(src/shutter-ros2/log) by extensions ['ignore', 'ignore_ament_install']
[0.172s] Level 1:colcon.colcon_core.package_identification:_identify(src/shutter-ros2/log) by extension 'ignore'
[0.172s] Level 1:colcon.colcon_core.package_identification:_identify(src/shutter-ros2/log) ignored
[0.172s] Level 1:colcon.colcon_core.package_identification:_identify(src/shutter-ros2/modules) by extensions ['ignore', 'ignore_ament_install']
[0.172s] Level 1:colcon.colcon_core.package_identification:_identify(src/shutter-ros2/modules) by extension 'ignore'
[0.172s] Level 1:colcon.colcon_core.package_identification:_identify(src/shutter-ros2/modules) by extension 'ignore_ament_install'
[0.172s] Level 1:colcon.colcon_core.package_identification:_identify(src/shutter-ros2/modules) by extensions ['colcon_pkg']
[0.172s] Level 1:colcon.colcon_core.package_identification:_identify(src/shutter-ros2/modules) by extension 'colcon_pkg'
[0.172s] Level 1:colcon.colcon_core.package_identification:_identify(src/shutter-ros2/modules) by extensions ['colcon_meta']
[0.172s] Level 1:colcon.colcon_core.package_identification:_identify(src/shutter-ros2/modules) by extension 'colcon_meta'
[0.172s] Level 1:colcon.colcon_core.package_identification:_identify(src/shutter-ros2/modules) by extensions ['ros']
[0.172s] Level 1:colcon.colcon_core.package_identification:_identify(src/shutter-ros2/modules) by extension 'ros'
[0.172s] Level 1:colcon.colcon_core.package_identification:_identify(src/shutter-ros2/modules) by extensions ['cmake', 'python']
[0.172s] Level 1:colcon.colcon_core.package_identification:_identify(src/shutter-ros2/modules) by extension 'cmake'
[0.172s] Level 1:colcon.colcon_core.package_identification:_identify(src/shutter-ros2/modules) by extension 'python'
[0.173s] Level 1:colcon.colcon_core.package_identification:_identify(src/shutter-ros2/modules) by extensions ['python_setup_py']
[0.173s] Level 1:colcon.colcon_core.package_identification:_identify(src/shutter-ros2/modules) by extension 'python_setup_py'
[0.173s] Level 1:colcon.colcon_core.package_identification:_identify(src/shutter-ros2/modules/ROS-TCP-Endpoint) by extensions ['ignore', 'ignore_ament_install']
[0.173s] Level 1:colcon.colcon_core.package_identification:_identify(src/shutter-ros2/modules/ROS-TCP-Endpoint) by extension 'ignore'
[0.173s] Level 1:colcon.colcon_core.package_identification:_identify(src/shutter-ros2/modules/ROS-TCP-Endpoint) by extension 'ignore_ament_install'
[0.173s] Level 1:colcon.colcon_core.package_identification:_identify(src/shutter-ros2/modules/ROS-TCP-Endpoint) by extensions ['colcon_pkg']
[0.173s] Level 1:colcon.colcon_core.package_identification:_identify(src/shutter-ros2/modules/ROS-TCP-Endpoint) by extension 'colcon_pkg'
[0.173s] Level 1:colcon.colcon_core.package_identification:_identify(src/shutter-ros2/modules/ROS-TCP-Endpoint) by extensions ['colcon_meta']
[0.173s] Level 1:colcon.colcon_core.package_identification:_identify(src/shutter-ros2/modules/ROS-TCP-Endpoint) by extension 'colcon_meta'
[0.173s] Level 1:colcon.colcon_core.package_identification:_identify(src/shutter-ros2/modules/ROS-TCP-Endpoint) by extensions ['ros']
[0.173s] Level 1:colcon.colcon_core.package_identification:_identify(src/shutter-ros2/modules/ROS-TCP-Endpoint) by extension 'ros'
[0.175s] DEBUG:colcon.colcon_core.package_identification:Package 'src/shutter-ros2/modules/ROS-TCP-Endpoint' with type 'ros.ament_python' and name 'ros_tcp_endpoint'
[0.175s] Level 1:colcon.colcon_core.package_identification:_identify(src/shutter-ros2/shutter_bringup) by extensions ['ignore', 'ignore_ament_install']
[0.175s] Level 1:colcon.colcon_core.package_identification:_identify(src/shutter-ros2/shutter_bringup) by extension 'ignore'
[0.175s] Level 1:colcon.colcon_core.package_identification:_identify(src/shutter-ros2/shutter_bringup) by extension 'ignore_ament_install'
[0.175s] Level 1:colcon.colcon_core.package_identification:_identify(src/shutter-ros2/shutter_bringup) by extensions ['colcon_pkg']
[0.175s] Level 1:colcon.colcon_core.package_identification:_identify(src/shutter-ros2/shutter_bringup) by extension 'colcon_pkg'
[0.175s] Level 1:colcon.colcon_core.package_identification:_identify(src/shutter-ros2/shutter_bringup) by extensions ['colcon_meta']
[0.175s] Level 1:colcon.colcon_core.package_identification:_identify(src/shutter-ros2/shutter_bringup) by extension 'colcon_meta'
[0.175s] Level 1:colcon.colcon_core.package_identification:_identify(src/shutter-ros2/shutter_bringup) by extensions ['ros']
[0.176s] Level 1:colcon.colcon_core.package_identification:_identify(src/shutter-ros2/shutter_bringup) by extension 'ros'
[0.176s] DEBUG:colcon.colcon_core.package_identification:Package 'src/shutter-ros2/shutter_bringup' with type 'ros.ament_cmake' and name 'shutter_bringup'
[0.176s] Level 1:colcon.colcon_core.package_identification:_identify(src/shutter-ros2/shutter_description) by extensions ['ignore', 'ignore_ament_install']
[0.176s] Level 1:colcon.colcon_core.package_identification:_identify(src/shutter-ros2/shutter_description) by extension 'ignore'
[0.176s] Level 1:colcon.colcon_core.package_identification:_identify(src/shutter-ros2/shutter_description) by extension 'ignore_ament_install'
[0.176s] Level 1:colcon.colcon_core.package_identification:_identify(src/shutter-ros2/shutter_description) by extensions ['colcon_pkg']
[0.176s] Level 1:colcon.colcon_core.package_identification:_identify(src/shutter-ros2/shutter_description) by extension 'colcon_pkg'
[0.177s] Level 1:colcon.colcon_core.package_identification:_identify(src/shutter-ros2/shutter_description) by extensions ['colcon_meta']
[0.177s] Level 1:colcon.colcon_core.package_identification:_identify(src/shutter-ros2/shutter_description) by extension 'colcon_meta'
[0.177s] Level 1:colcon.colcon_core.package_identification:_identify(src/shutter-ros2/shutter_description) by extensions ['ros']
[0.177s] Level 1:colcon.colcon_core.package_identification:_identify(src/shutter-ros2/shutter_description) by extension 'ros'
[0.177s] DEBUG:colcon.colcon_core.package_identification:Package 'src/shutter-ros2/shutter_description' with type 'ros.ament_cmake' and name 'shutter_description'
[0.177s] Level 1:colcon.colcon_core.package_identification:_identify(src/shutter-ros2/shutter_face_ros) by extensions ['ignore', 'ignore_ament_install']
[0.177s] Level 1:colcon.colcon_core.package_identification:_identify(src/shutter-ros2/shutter_face_ros) by extension 'ignore'
[0.177s] Level 1:colcon.colcon_core.package_identification:_identify(src/shutter-ros2/shutter_face_ros) by extension 'ignore_ament_install'
[0.177s] Level 1:colcon.colcon_core.package_identification:_identify(src/shutter-ros2/shutter_face_ros) by extensions ['colcon_pkg']
[0.177s] Level 1:colcon.colcon_core.package_identification:_identify(src/shutter-ros2/shutter_face_ros) by extension 'colcon_pkg'
[0.177s] Level 1:colcon.colcon_core.package_identification:_identify(src/shutter-ros2/shutter_face_ros) by extensions ['colcon_meta']
[0.177s] Level 1:colcon.colcon_core.package_identification:_identify(src/shutter-ros2/shutter_face_ros) by extension 'colcon_meta'
[0.177s] Level 1:colcon.colcon_core.package_identification:_identify(src/shutter-ros2/shutter_face_ros) by extensions ['ros']
[0.177s] Level 1:colcon.colcon_core.package_identification:_identify(src/shutter-ros2/shutter_face_ros) by extension 'ros'
[0.178s] DEBUG:colcon.colcon_core.package_identification:Package 'src/shutter-ros2/shutter_face_ros' with type 'ros.ament_cmake' and name 'shutter_face_ros'
[0.178s] Level 1:colcon.colcon_core.package_identification:_identify(src/shutter-ros2/shutter_hardware_interface) by extensions ['ignore', 'ignore_ament_install']
[0.178s] Level 1:colcon.colcon_core.package_identification:_identify(src/shutter-ros2/shutter_hardware_interface) by extension 'ignore'
[0.178s] Level 1:colcon.colcon_core.package_identification:_identify(src/shutter-ros2/shutter_hardware_interface) by extension 'ignore_ament_install'
[0.178s] Level 1:colcon.colcon_core.package_identification:_identify(src/shutter-ros2/shutter_hardware_interface) by extensions ['colcon_pkg']
[0.178s] Level 1:colcon.colcon_core.package_identification:_identify(src/shutter-ros2/shutter_hardware_interface) by extension 'colcon_pkg'
[0.178s] Level 1:colcon.colcon_core.package_identification:_identify(src/shutter-ros2/shutter_hardware_interface) by extensions ['colcon_meta']
[0.178s] Level 1:colcon.colcon_core.package_identification:_identify(src/shutter-ros2/shutter_hardware_interface) by extension 'colcon_meta'
[0.178s] Level 1:colcon.colcon_core.package_identification:_identify(src/shutter-ros2/shutter_hardware_interface) by extensions ['ros']
[0.178s] Level 1:colcon.colcon_core.package_identification:_identify(src/shutter-ros2/shutter_hardware_interface) by extension 'ros'
[0.179s] DEBUG:colcon.colcon_core.package_identification:Package 'src/shutter-ros2/shutter_hardware_interface' with type 'ros.ament_cmake' and name 'shutter_hardware_interface'
[0.179s] Level 1:colcon.colcon_core.package_discovery:discover_packages(recursive) using defaults
[0.179s] Level 1:colcon.colcon_core.package_discovery:discover_packages(ignore) discover
[0.179s] Level 1:colcon.colcon_core.package_discovery:discover_packages(ignore) using defaults
[0.179s] Level 1:colcon.colcon_core.package_discovery:discover_packages(path) discover
[0.179s] Level 1:colcon.colcon_core.package_discovery:discover_packages(path) using defaults
[0.179s] WARNING:colcon.colcon_core.package_selection:ignoring unknown package 'shutter_music_analyzer' in --packages-select
[0.196s] INFO:colcon.colcon_core.package_selection:Skipping not selected package 'ros_tcp_endpoint' in 'src/shutter-ros2/modules/ROS-TCP-Endpoint'
[0.196s] INFO:colcon.colcon_core.package_selection:Skipping not selected package 'shutter_description' in 'src/shutter-ros2/shutter_description'
[0.196s] INFO:colcon.colcon_core.package_selection:Skipping not selected package 'shutter_face_ros' in 'src/shutter-ros2/shutter_face_ros'
[0.196s] INFO:colcon.colcon_core.package_selection:Skipping not selected package 'shutter_hardware_interface' in 'src/shutter-ros2/shutter_hardware_interface'
[0.196s] INFO:colcon.colcon_core.package_selection:Skipping not selected package 'shutter_bringup' in 'src/shutter-ros2/shutter_bringup'
[0.196s] Level 1:colcon.colcon_core.package_discovery:discover_packages(prefix_path) check parameters
[0.196s] Level 1:colcon.colcon_core.package_discovery:discover_packages(prefix_path) discover
[0.198s] DEBUG:colcon.colcon_installed_package_information.package_discovery:Found 5 installed packages in /home/hrs47/ros2_ws/install
[0.199s] DEBUG:colcon.colcon_installed_package_information.package_discovery:Found 366 installed packages in /opt/ros/jazzy
[0.200s] Level 1:colcon.colcon_core.package_discovery:discover_packages(prefix_path) using defaults
[0.248s] INFO:colcon.colcon_core.executor:Executing jobs using 'parallel' executor
[0.249s] DEBUG:colcon.colcon_parallel_executor.executor.parallel:run_until_complete
[0.249s] DEBUG:colcon.colcon_parallel_executor.executor.parallel:closing loop
[0.249s] DEBUG:colcon.colcon_parallel_executor.executor.parallel:loop closed
[0.249s] DEBUG:colcon.colcon_parallel_executor.executor.parallel:run_until_complete finished with '0'
[0.249s] DEBUG:colcon.colcon_core.event_reactor:joining thread
[0.254s] INFO:colcon.colcon_core.plugin_system:Skipping extension 'colcon_notification.desktop_notification.terminal_notifier': Not used on non-Darwin systems
[0.254s] INFO:colcon.colcon_core.plugin_system:Skipping extension 'colcon_notification.desktop_notification.win32': Not used on non-Windows systems
[0.254s] INFO:colcon.colcon_notification.desktop_notification:Sending desktop notification using 'notify2'
[0.264s] DEBUG:colcon.colcon_core.event_reactor:joined thread
[0.265s] INFO:colcon.colcon_core.plugin_system:Skipping extension 'colcon_core.shell.bat': Not used on non-Windows systems
[0.266s] INFO:colcon.colcon_core.shell:Creating prefix script '/home/hrs47/ros2_ws/install/local_setup.ps1'
[0.266s] INFO:colcon.colcon_core.shell:Creating prefix util module '/home/hrs47/ros2_ws/install/_local_setup_util_ps1.py'
[0.267s] INFO:colcon.colcon_core.shell:Creating prefix chain script '/home/hrs47/ros2_ws/install/setup.ps1'
[0.268s] INFO:colcon.colcon_core.shell:Creating prefix script '/home/hrs47/ros2_ws/install/local_setup.sh'
[0.269s] INFO:colcon.colcon_core.shell:Creating prefix util module '/home/hrs47/ros2_ws/install/_local_setup_util_sh.py'
[0.269s] INFO:colcon.colcon_core.shell:Creating prefix chain script '/home/hrs47/ros2_ws/install/setup.sh'
[0.270s] INFO:colcon.colcon_core.shell:Creating prefix script '/home/hrs47/ros2_ws/install/local_setup.bash'
[0.270s] INFO:colcon.colcon_core.shell:Creating prefix chain script '/home/hrs47/ros2_ws/install/setup.bash'
[0.271s] INFO:colcon.colcon_core.shell:Creating prefix script '/home/hrs47/ros2_ws/install/local_setup.zsh'
[0.272s] INFO:colcon.colcon_core.shell:Creating prefix chain script '/home/hrs47/ros2_ws/install/setup.zsh'
